[backblue.gif]
[fade.gif]
[index.html]
[www.davesite.com/webstation/html/favicon.ico]
[www.davesite.com/webstation/html/lilback.jpg]
[www.davesite.com/graphx/html_new.gif]
[www.websponsors.com/leads/Fastweb/WebClients_120x60.gif]
[www.davesite.com/webstation/html/0201354934.01.MZZZZZZZ.jpg]
[www.davesite.com/webstation/html/0672320762.01.MZZZZZZZ.jpg]
[www.davesite.com/webstation/html/0761524827.01.MZZZZZZZ.gif]
[www.websponsors.com/leads/xbox/125x125.gif]
[www.davesite.com/webstation/html/index.html]
[a1028.g.akamai.net/6/1028/968/444516c765e1c0/lunafetch.about.com/cgi/luna/lunaC989c.js]
[www.davesite.com/graphx/html_now.gif]
[www.davesite.com/webstation/html/faq.html]
[www.davesite.com/webstation/html/rules_regs.html]
[images.paypal.com/images/account/banners/logo4.gif]
[images.paypal.com/images/account/banners/logo1.gif]
[www.davesite.com/webstation/html/taf_sample.html]
[www.davesite.com/webstation/html/linkto.html]
[www.davesite.com/webstation/html/learnnow.gif]
[www.davesite.com/webstation/html/chapX1.html]
[www.davesite.com/webstation/html/chap01.html]
[www.davesite.com/webstation/html/chap02.html]
[www.davesite.com/webstation/html/chap03.html]
[www.davesite.com/graphx/davesmll.gif]
[www.davesite.com/webstation/html/chap04.html]
[www.davesite.com/webstation/html/chap05.html]
[www.davesite.com/webstation/html/chap06.html]
[www.davesite.com/webstation/html/chap07.html]
[www.davesite.com/webstation/html/chap08.html]
[www.davesite.com/webstation/html/chap09.html]
[www.davesite.com/webstation/html/chap10.html]
[www.davesite.com/webstation/html/chap10_2.html]
[www.davesite.com/webstation/html/tag_ref.html]
[www.davesite.com/webshop/images/B00004XSGO.01.MZZZZZZZ.jpg]
[www.davesite.com/webstation/html/html_small.jpg]
[www.davesite.com/webstation/html/html2.gif]
[www.davesite.com/webstation/html/spam_int.gif]
[www.davesite.com/webstation/html/spam_non.gif]
[www.davesite.com/webstation/html/spam_non.jpg]
[www.davesite.com/webstation/html/chap11.html]
[www.davesite.com/webstation/html/chap12.html]
[www.davesite.com/webstation/html/chap13.html]
[www.davesite.com/webstation/html/chap14.html]
[www.davesite.com/webstation/html/chap14_2.html]
[www.davesite.com/webstation/html/chap14_3.html]
[www.davesite.com/webstation/html/chap15.html]
[www.davesite.com/webstation/html/chap16.html]
[www.davesite.com/webstation/html/submitbutton.gif]
[www.davesite.com/webstation/html/chap17.html]
[www.davesite.com/webstation/html/chapP1.html]
[www.davesite.com/webstation/html/chapP2.html]
[www.websponsors.com/leads/webmasters/ws120x60-01.gif]
[www.reporting.net/images/recruiters/Earn.gif]
[www.marketingtips.com/images/bookcover1.gif]
[www.cafepress.com/cp/banners/cp_referral_468x60.gif]
[www.davesite.com/webstation/html/chapG1.html]
[www.davesite.com/webstation/html/whyfq.html]
[www.davesite.com/webstation/html/refsandmisc.html]
[a1028.g.akamai.net/6/1028/968/444516c765e1c0/lunafetch.about.com/cgi/luna/a1028.g.akamai.net/6/1028/968/444516c765e1c0/index.html]
[www.davesite.com/webstation/html/index-2.html]
[www.davesite.com/webstation/html/hexchart.html]
[www.davesite.com/webstation/html/feedback.html]
[www.davesite.com/webstation/html/taglist.html]
[www.davesite.com/webstation/html/html_links.html]
